{
  "outputVersion": "1.1",
  "trazoVersion": "0.2.0",
  "traceSchemaVersion": "0.1.0",
  "generatedAt": "2026-08-07T12:00:00Z",
  "summary": {
    "files": 4,
    "runs": 2,
    "evaluations": 3,
    "findings": 3,
    "good": 0,
    "neutral": 2,
    "bad": 1,
    "fileErrors": 1
  },
  "results": [
    {
      "evaluatorName": "tool_calls",
      "runId": "run-1",
      "findings": [
        {
          "stepIndex": 3,
          "judgment": "bad",
          "comment": "tool postgres_query fails: connection refused"
        },
        {
          "stepIndex": 2,
          "judgment": "neutral",
          "comment": "tool_call postgres_query has no matching result"
        }
      ]
    },
    {
      "evaluatorName": "cost_latency",
      "runId": "run-1",
      "findings": [
        {
          "stepIndex": -1,
          "judgment": "neutral",
          "score": 1.5,
          "comment": "run cost 1.50 over budget|limit\nsecond line"
        }
      ]
    },
    {
      "evaluatorName": "tool_calls",
      "runId": "run-ok",
      "findings": []
    }
  ],
  "errors": [
    {
      "file": "broken.json",
      "kind": "invalid_json",
      "error": "unexpected end of JSON input"
    }
  ]
}